VIVOSSPK01_R001.wav	khách sạn
VIVOSSPK01_R002.wav	chỉ bằng cách luôn nỗ lực thì cuối cùng bạn mới được đền đáp
VIVOSSPK01_R003.wav	trong số các quốc gia công nghiệp phát triển
VIVOSSPK01_R004.wav	anh đã nhìn thấy trong những lải nhải dông dài của nhu
VIVOSSPK01_R005.wav	khủng hoảng môi trường cần được ngăn chặn
VIVOSSPK01_R006.wav	trông thấy tàu cá đằng xa anh đã ấn còi cảnh báo
VIVOSSPK01_R007.wav	mấy sào ruộng của gia đình ông đành bỏ hoang cho cỏ mọc
VIVOSSPK01_R008.wav	có đêm gặp phải heo nọc nó rượt
VIVOSSPK01_R009.wav	các bàn học nhỏ hằng ngày nay trở thành bàn thờ của các cháu
VIVOSSPK01_R010.wav	cha mẹ tôi thường chì chiết nhau bằng những lời lẽ khó nghe
VIVOSSPK01_R011.wav	hấp dẫn nhất là cuộc thi bơi thuyền truyền thống
VIVOSSPK01_R012.wav	với những cờ líp nhạc truyền hình
VIVOSSPK01_R013.wav	một trong những cách tốt nhất
VIVOSSPK01_R014.wav	ăn cắp phỗng tượng
VIVOSSPK01_R015.wav	tới vỗ vai hỏi về chiếc áo mới mua
VIVOSSPK01_R016.wav	bào chế những loại thuốc chữa nghiện ma túy
VIVOSSPK01_R017.wav	những mái ngói âm dương cổ kính
VIVOSSPK01_R018.wav	mặt mũi nó còn càu cạu
VIVOSSPK01_R019.wav	nắng đào làm ửng hồng những đôi má thiếu nữ hà thành
VIVOSSPK01_R020.wav	chiếc ổ thường xuyên được khóa chặt vào bàn
VIVOSSPK01_R021.wav	làm tóc kiểu này trông bạn quý phái một cách tự nhiên
VIVOSSPK01_R022.wav	đồng nghiệp tây bảo nhạc của tôi chỉ thoáng nghe
VIVOSSPK01_R023.wav	đâu là tình yêu đích thực
VIVOSSPK01_R024.wav	cũng sẽ gặp khó khăn vì không có hình ảnh để đối chiếu
VIVOSSPK01_R025.wav	tay cầm một cọc tiền đếm xoèn xoẹt đưa cho cha mẹ cô dâu
VIVOSSPK01_R026.wav	trong niềm phấn khởi của bà con ngư dân
VIVOSSPK01_R027.wav	bắt đầu lọc cọc tiếng dùi đục của thợ mộc
VIVOSSPK01_R028.wav	việc thiết lập tốc độ nháy chuột
VIVOSSPK01_R029.wav	kết luận trên đã cho thấy
VIVOSSPK01_R030.wav	lặn ngụp ven hồ tây để kiếm sống
VIVOSSPK01_R031.wav	chúng tôi cứ len lén nhìn và chẳng thấy ngượng ngập
VIVOSSPK01_R032.wav	của người mẹ đang phải cầm hơi bằng lá cây
VIVOSSPK01_R033.wav	hun đúc nên tinh thần thi đấu quả cảm với đồng tháp
VIVOSSPK01_R034.wav	không dè lần lên coi thử
VIVOSSPK01_R035.wav	nên việc phá rừng đốt than ngày càng trở nên bức xúc
VIVOSSPK01_R036.wav	ở đời phàm cái gì đúng thời cơ mới đạt hiệu quả
VIVOSSPK01_R037.wav	còn có tác dụng
VIVOSSPK01_R038.wav	dấu hiệu duy nhất để nhận ra kho lúa vĩnh thành
VIVOSSPK01_R039.wav	nhưng rồi cũng khổ sở đến dường nào
VIVOSSPK01_R040.wav	giá cả thuộc dạng vô cùng lên bổng xuống trầm tẹp nhẹp
VIVOSSPK01_R041.wav	nữ thần tự do với bàn tay cầm đuốc
VIVOSSPK01_R042.wav	những con sâu trúng thuốc rơi xuống giãy giụa
VIVOSSPK01_R043.wav	vừa đi vừa ca nghêu ngao
VIVOSSPK01_R044.wav	dưới đáy biển
VIVOSSPK01_R045.wav	những sợi bún được cuộn thành dây chão
VIVOSSPK01_R046.wav	khoanh tròn trên tấm lá chuối
VIVOSSPK01_R047.wav	rơi vào cảnh đìu hiu bởi du khách thưa thớt
VIVOSSPK01_R048.wav	sau đó những người này được trắc nghiệm khả năng ghi nhớ
VIVOSSPK01_R049.wav	muốn sành điệu nguyên con
VIVOSSPK01_R050.wav	với những tràng pháo tay và tiếng trầm trồ tán thưởng không ngớt